Processing default (extends: base; build_flags: -DARDUINO_USB_MODE=1, -DARDUINO_USB_CDC_ON_BOOT=1, -DMINIZ_NO_ZLIB_COMPATIBLE_NAMES=1, -DEINK_DISPLAY_SINGLE_BUFFER_MODE=1, -DDISABLE_FS_H_WARNING=1, -DXML_GE=0, -DXML_CONTEXT_BYTES=1024, -std=c++2a, -DUSE_UTF8_LONG_NAMES=1, -DCROSSPOINT_VERSION=\"0.15.0-dev\"; platform: espressif32 @ 6.12.0; board: esp32-c3-devkitm-1; framework: arduino; monitor_speed: 115200; upload_speed: 921600; check_tool: cppcheck; check_flags: --enable=all --suppress=missingIncludeSystem --suppress=unusedFunction --suppress=unmatchedSuppression --suppress=*:*/.pio/* --inline-suppr; check_skip_packages: True; board_upload.flash_size: 16MB; board_upload.maximum_size: 16777216; board_upload.offset_address: 0x10000; board_build.flash_mode: dio; board_build.flash_size: 16MB; board_build.partitions: partitions.csv; extra_scripts: pre:scripts/build_html.py; lib_deps: BatteryMonitor=symlink://open-x4-sdk/libs/hardware/BatteryMonitor, InputManager=symlink://open-x4-sdk/libs/hardware/InputManager, EInkDisplay=symlink://open-x4-sdk/libs/display/EInkDisplay, SDCardManager=symlink://open-x4-sdk/libs/hardware/SDCardManager, bblanchon/ArduinoJson @ 7.4.2, ricmoo/QRCode @ 0.0.1, links2004/WebSockets @ 2.7.3)
--------------------------------------------------------------------------------
Generated: src\network\html\FilesPageHtml.generated.h
Generated: src\network\html\HomePageHtml.generated.h
CONFIGURATION: https://docs.platformio.org/page/boards/espressif32/esp32-c3-devkitm-1.html
PLATFORM: Espressif 32 (6.12.0) > Espressif ESP32-C3-DevKitM-1
HARDWARE: ESP32C3 160MHz, 320KB RAM, 16MB Flash
DEBUG: Current (cmsis-dap) External (cmsis-dap, esp-bridge, esp-builtin, esp-prog, iot-bus-jtag, jlink, minimodule, olimex-arm-usb-ocd, olimex-arm-usb-ocd-h, olimex-arm-usb-tiny-h, olimex-jtag-tiny, tumpa)
PACKAGES: 
 - framework-arduinoespressif32 @ 3.20017.241212+sha.dcc1105b 
 - tool-esptoolpy @ 2.40900.250804 (4.9.0) 
 - toolchain-riscv32-esp @ 8.4.0+2021r2-patch5
LDF: Library Dependency Finder -> https://bit.ly/configure-pio-ldf
LDF Modes: Finder ~ chain, Compatibility ~ soft
